[INFO] Scanning for projects...
[INFO] 
[INFO] ----------------------------< com.daw:tfg >-----------------------------
[INFO] Building tfg 0.0.1-SNAPSHOT
[INFO]   from pom.xml
[INFO] --------------------------------[ jar ]---------------------------------
[INFO] 
[INFO] --- clean:3.5.0:clean (default-clean) @ tfg ---
[INFO] Deleting C:\Users\Usuario\OneDrive\Documentos\GitHub\TFG-\target
[INFO] 
[INFO] --- resources:3.3.1:resources (default-resources) @ tfg ---
[INFO] Copying 1 resource from src\main\resources to target\classes
[INFO] Copying 5728 resources from src\main\resources to target\classes
[INFO] 
[INFO] --- compiler:3.14.1:compile (default-compile) @ tfg ---
[INFO] Recompiling the module because of changed source code.
[INFO] Compiling 110 source files with javac [debug parameters release 21] to target\classes
[INFO] ------------------------------------------------------------------------
[INFO] BUILD SUCCESS
[INFO] ------------------------------------------------------------------------
[INFO] Total time:  21.056 s
[INFO] Finished at: 2026-04-27T18:29:16+01:00
[INFO] ------------------------------------------------------------------------
